Flutter crash report.
Please report a bug at https://github.com/flutter/flutter/issues.

## command

flutter --no-color run --machine --track-widget-creation --device-id=adb-ebbdb61f-ZGDROG._adb-tls-connect._tcp --start-paused --dart-define=flutter.inspector.structuredErrors=true lib/main.dart

## exception

FileSystemException: FileSystemException: Failed to set file modification time, path = '/Users/jeen-shingwang/.dart-tool/dart-flutter-telemetry-session.json' (OS Error: No space left on device, errno = 28)

```
#0      _File.setLastModifiedSync (dart:io/file_impl.dart:556:7)
#1      ForwardingFile.setLastModifiedSync (package:file/src/forwarding/forwarding_file.dart:64:55)
#2      UserProperty.getSessionId (package:unified_analytics/src/user_property.dart:74:19)
#3      UserProperty._toMap (package:unified_analytics/src/user_property.dart:149:23)
#4      UserProperty.preparePayload (package:unified_analytics/src/user_property.dart:90:27)
#5      generateRequestBody (package:unified_analytics/src/utils.dart:88:39)
#6      AnalyticsImpl.send (package:unified_analytics/src/analytics.dart:611:18)
#7      FlutterCommand._sendPostUsage (package:flutter_tools/src/runner/flutter_command.dart:1789:15)
#8      FlutterCommand.run.<anonymous closure> (package:flutter_tools/src/runner/flutter_command.dart:1573:13)
<asynchronous suspension>
#9      AppContext.run.<anonymous closure> (package:flutter_tools/src/base/context.dart:154:19)
<asynchronous suspension>
#10     CommandRunner.runCommand (package:args/command_runner.dart:212:13)
<asynchronous suspension>
#11     FlutterCommandRunner.runCommand.<anonymous closure> (package:flutter_tools/src/runner/flutter_command_runner.dart:494:9)
<asynchronous suspension>
#12     AppContext.run.<anonymous closure> (package:flutter_tools/src/base/context.dart:154:19)
<asynchronous suspension>
#13     FlutterCommandRunner.runCommand (package:flutter_tools/src/runner/flutter_command_runner.dart:431:5)
<asynchronous suspension>
#14     run.<anonymous closure>.<anonymous closure> (package:flutter_tools/runner.dart:98:11)
<asynchronous suspension>
#15     AppContext.run.<anonymous closure> (package:flutter_tools/src/base/context.dart:154:19)
<asynchronous suspension>
#16     main (package:flutter_tools/executable.dart:102:3)
<asynchronous suspension>
```

## flutter doctor

```
[!] Flutter (Channel stable, 3.32.4, on macOS 15.7.1 24G231 darwin-arm64, locale zh-Hant-TW) [284ms]
    • Flutter version 3.32.4 on channel stable at /Users/jeen-shingwang/Documents/flutter_macos_arm64_3.32.4-stable
    ! The flutter binary is not on your path. Consider adding /Users/jeen-shingwang/Documents/flutter_macos_arm64_3.32.4-stable/bin to your path.
    ! The dart binary is not on your path. Consider adding /Users/jeen-shingwang/Documents/flutter_macos_arm64_3.32.4-stable/bin to your path.
    • Upstream repository https://github.com/flutter/flutter.git
    • Framework revision 6fba2447e9 (6 個月前), 2025-06-12 19:03:56 -0700
    • Engine revision 8cd19e509d
    • Dart version 3.8.1
    • DevTools version 2.45.1
    • If those were intentional, you can disregard the above warnings; however it is recommended to use "git" directly to perform update checks and upgrades.

[!] Android toolchain - develop for Android devices (Android SDK version 36.0.0) [1,911ms]
    • Android SDK at /Users/jeen-shingwang/Library/Android/sdk
    • Platform android-35, build-tools 36.0.0
    • Java binary at: /Library/Java/JavaVirtualMachines/jdk-17.jdk/Contents/Home/bin/java
      This JDK is specified in your Flutter configuration.
      To change the current JDK, run: `flutter config --jdk-dir="path/to/jdk"`.
    • Java version Java(TM) SE Runtime Environment (build 17.0.7+8-LTS-224)
    ! Some Android licenses not accepted. To resolve this, run: flutter doctor --android-licenses

[✓] Xcode - develop for iOS and macOS (Xcode 16.3) [1,756ms]
    • Xcode at /Applications/Xcode.app/Contents/Developer
    • Build 16E140
    • CocoaPods version 1.16.2

[✓] Chrome - develop for the web [4ms]
    • Chrome at /Applications/Google Chrome.app/Contents/MacOS/Google Chrome

[✓] Android Studio (version 2024.2) [3ms]
    • Android Studio at /Applications/Android Studio Ladybug | 2024.2.1.app/Contents
    • Flutter plugin can be installed from:
      🔨 https://plugins.jetbrains.com/plugin/9212-flutter
    • Dart plugin can be installed from:
      🔨 https://plugins.jetbrains.com/plugin/6351-dart
    • Java version OpenJDK Runtime Environment (build 21.0.3+-79915917-b509.11)

[✓] Android Studio (version 2022.2) [2ms]
    • Android Studio at /Applications/Android Studio.app/Contents
    • Flutter plugin can be installed from:
      🔨 https://plugins.jetbrains.com/plugin/9212-flutter
    • Dart plugin can be installed from:
      🔨 https://plugins.jetbrains.com/plugin/6351-dart
    • Java version OpenJDK Runtime Environment (build 17.0.6+0-17.0.6b802.4-9586694)

[✓] Connected device (4 available) [11.0s]
    • Pixel 8a (wireless) (mobile) • adb-42241JEKB10813-pBemei._adb-tls-connect._tcp • android-arm64  • Android 16 (API 36)
    • CPH2343 (wireless) (mobile)  • adb-ebbdb61f-ZGDROG._adb-tls-connect._tcp       • android-arm64  • Android 12 (API 31)
    • macOS (desktop)              • macos                                           • darwin-arm64   • macOS 15.7.1 24G231 darwin-arm64
    • Chrome (web)                 • chrome                                          • web-javascript • Google Chrome 143.0.7499.111
    ! Error: Browsing on the local area network for Jeen-Shing的iPhone. Ensure the device is unlocked and attached with a cable or associated with the same local area network as this Mac.
      The device must be opted into Developer Mode to connect wirelessly. (code -27)

[✓] Network resources [1,444ms]
    • All expected network resources are available.

! Doctor found issues in 2 categories.
```
